// Jest Snapshot v1, https://goo.gl/fbAQLP

exports[`Add input component renders properly 1`] = `
ShallowWrapper {
  Symbol(enzyme.__root__): [Circular],
  Symbol(enzyme.__unrendered__): <TextInput />,
  Symbol(enzyme.__renderer__): Object {
    "batchedUpdates": [Function],
    "checkPropTypes": [Function],
    "getNode": [Function],
    "render": [Function],
    "simulateError": [Function],
    "simulateEvent": [Function],
    "unmount": [Function],
  },
  Symbol(enzyme.__node__): Object {
    "instance": null,
    "key": undefined,
    "nodeType": "host",
    "props": Object {
      "children": Array [
        <span>
          Some text:
        </span>,
        <input
          aria-describedby="emailHelp"
          className="form-control"
          id="text"
          name="text"
          onChange={[Function]}
          placeholder="Enter text"
          type="text"
        />,
        <button
          className="btn btn-primary"
          onClick={[Function]}
        >
          Display
        </button>,
        <span>
          <u>
            
          </u>
        </span>,
      ],
      "className": "text",
    },
    "ref": null,
    "rendered": Array [
      Object {
        "instance": null,
        "key": undefined,
        "nodeType": "host",
        "props": Object {
          "children": "Some text:",
        },
        "ref": null,
        "rendered": "Some text:",
        "type": "span",
      },
      Object {
        "instance": null,
        "key": undefined,
        "nodeType": "host",
        "props": Object {
          "aria-describedby": "emailHelp",
          "className": "form-control",
          "id": "text",
          "name": "text",
          "onChange": [Function],
          "placeholder": "Enter text",
          "type": "text",
        },
        "ref": null,
        "rendered": null,
        "type": "input",
      },
      Object {
        "instance": null,
        "key": undefined,
        "nodeType": "host",
        "props": Object {
          "children": "Display",
          "className": "btn btn-primary",
          "onClick": [Function],
        },
        "ref": null,
        "rendered": "Display",
        "type": "button",
      },
      Object {
        "instance": null,
        "key": undefined,
        "nodeType": "host",
        "props": Object {
          "children": <u>
            
          </u>,
        },
        "ref": null,
        "rendered": Object {
          "instance": null,
          "key": undefined,
          "nodeType": "host",
          "props": Object {
            "children": "",
          },
          "ref": null,
          "rendered": "",
          "type": "u",
        },
        "type": "span",
      },
    ],
    "type": "div",
  },
  Symbol(enzyme.__nodes__): Array [
    Object {
      "instance": null,
      "key": undefined,
      "nodeType": "host",
      "props": Object {
        "children": Array [
          <span>
            Some text:
          </span>,
          <input
            aria-describedby="emailHelp"
            className="form-control"
            id="text"
            name="text"
            onChange={[Function]}
            placeholder="Enter text"
            type="text"
          />,
          <button
            className="btn btn-primary"
            onClick={[Function]}
          >
            Display
          </button>,
          <span>
            <u>
              
            </u>
          </span>,
        ],
        "className": "text",
      },
      "ref": null,
      "rendered": Array [
        Object {
          "instance": null,
          "key": undefined,
          "nodeType": "host",
          "props": Object {
            "children": "Some text:",
          },
          "ref": null,
          "rendered": "Some text:",
          "type": "span",
        },
        Object {
          "instance": null,
          "key": undefined,
          "nodeType": "host",
          "props": Object {
            "aria-describedby": "emailHelp",
            "className": "form-control",
            "id": "text",
            "name": "text",
            "onChange": [Function],
            "placeholder": "Enter text",
            "type": "text",
          },
          "ref": null,
          "rendered": null,
          "type": "input",
        },
        Object {
          "instance": null,
          "key": undefined,
          "nodeType": "host",
          "props": Object {
            "children": "Display",
            "className": "btn btn-primary",
            "onClick": [Function],
          },
          "ref": null,
          "rendered": "Display",
          "type": "button",
        },
        Object {
          "instance": null,
          "key": undefined,
          "nodeType": "host",
          "props": Object {
            "children": <u>
              
            </u>,
          },
          "ref": null,
          "rendered": Object {
            "instance": null,
            "key": undefined,
            "nodeType": "host",
            "props": Object {
              "children": "",
            },
            "ref": null,
            "rendered": "",
            "type": "u",
          },
          "type": "span",
        },
      ],
      "type": "div",
    },
  ],
  Symbol(enzyme.__options__): Object {
    "adapter": ReactSixteenAdapter {
      "options": Object {
        "enableComponentDidUpdateOnSetState": true,
        "legacyContextMode": "parent",
        "lifecycles": Object {
          "componentDidUpdate": Object {
            "onSetState": true,
          },
          "getChildContext": Object {
            "calledByRenderer": false,
          },
          "getDerivedStateFromError": true,
          "getDerivedStateFromProps": Object {
            "hasShouldComponentUpdateBug": false,
          },
          "getSnapshotBeforeUpdate": true,
          "setState": Object {
            "skipsComponentDidUpdateOnNullish": true,
          },
        },
      },
    },
  },
  Symbol(enzyme.__childContext__): null,
}
`;
